Archive member included because of file (symbol)

c:/program files (x86)/atmel/atmel toolchain/avr8 gcc/native/3.4.1061/avr8-gnu-toolchain/bin/../lib/gcc/avr/4.8.1/avrxmega2\libgcc.a(_udivmodhi4.o)
                              src/ASF/xmega/drivers/usb/usb_device.o (__udivmodhi4)
c:/program files (x86)/atmel/atmel toolchain/avr8 gcc/native/3.4.1061/avr8-gnu-toolchain/bin/../lib/gcc/avr/4.8.1/avrxmega2\libgcc.a(_udivmodsi4.o)
                              src/ASF/xmega/drivers/usart/usart.o (__udivmodsi4)
c:/program files (x86)/atmel/atmel toolchain/avr8 gcc/native/3.4.1061/avr8-gnu-toolchain/bin/../lib/gcc/avr/4.8.1/avrxmega2\libgcc.a(_exit.o)
                              c:/program files (x86)/atmel/atmel toolchain/avr8 gcc/native/3.4.1061/avr8-gnu-toolchain/bin/../lib/gcc/avr/4.8.1/../../../../avr/lib/avrxmega2/crtx32a4u.o (exit)
c:/program files (x86)/atmel/atmel toolchain/avr8 gcc/native/3.4.1061/avr8-gnu-toolchain/bin/../lib/gcc/avr/4.8.1/avrxmega2\libgcc.a(_tablejump.o)
                              src/ASF/xmega/drivers/usb/usb_device.o (__tablejump2__)
c:/program files (x86)/atmel/atmel toolchain/avr8 gcc/native/3.4.1061/avr8-gnu-toolchain/bin/../lib/gcc/avr/4.8.1/avrxmega2\libgcc.a(_copy_data.o)
                              src/ASF/common/services/sleepmgr/xmega/sleepmgr.o (__do_copy_data)
c:/program files (x86)/atmel/atmel toolchain/avr8 gcc/native/3.4.1061/avr8-gnu-toolchain/bin/../lib/gcc/avr/4.8.1/avrxmega2\libgcc.a(_clear_bss.o)
                              src/ASF/xmega/drivers/dma/dma.o (__do_clear_bss)
c:/program files (x86)/atmel/atmel toolchain/avr8 gcc/native/3.4.1061/avr8-gnu-toolchain/bin/../lib/gcc/avr/4.8.1/../../../../avr/lib/avrxmega2\libc.a(memcpy.o)
                              src/rs485.o (memcpy)

Allocating common symbols
Common symbol       size              file

fifo_desc           0x6               src/protocol.o
fifo_buffer         0x20              src/INA219_driver.o
product_bytes       0xb               src/main.o
ee_scale_settings   0x20              src/main.o
ina_data            0x1b              src/main.o
hid_revc_buf        0x41              src/HID_COM.o
adc_value           0x2               src/adc_hall.o
dma_data            0x8               src/ASF/xmega/drivers/dma/dma.o
udd_g_ctrlreq       0x10              src/ASF/xmega/drivers/usb/usb_device.o
sleepmgr_locks      0x6               src/ASF/common/services/sleepmgr/xmega/sleepmgr.o
dma_fifo            0x14a             src/rs485.o
send_buf            0x41              src/protocol.o
adca_callback       0x2               src/ASF/xmega/drivers/adc/adc.o

Discarded input sections

 .data          0x00000000        0x0 c:/program files (x86)/atmel/atmel toolchain/avr8 gcc/native/3.4.1061/avr8-gnu-toolchain/bin/../lib/gcc/avr/4.8.1/../../../../avr/lib/avrxmega2/crtx32a4u.o
 .bss           0x00000000        0x0 c:/program files (x86)/atmel/atmel toolchain/avr8 gcc/native/3.4.1061/avr8-gnu-toolchain/bin/../lib/gcc/avr/4.8.1/../../../../avr/lib/avrxmega2/crtx32a4u.o
 .group         0x00000000        0x8 src/ASF/common/services/hugemem/avr8/avr8_hugemem.o
 .group         0x00000000        0x8 src/ASF/common/services/hugemem/avr8/avr8_hugemem.o
 .group         0x00000000        0x8 src/ASF/common/services/hugemem/avr8/avr8_hugemem.o
 .group         0x00000000        0x8 src/ASF/common/services/hugemem/avr8/avr8_hugemem.o
 .group         0x00000000        0x8 src/ASF/common/services/hugemem/avr8/avr8_hugemem.o
 .group         0x00000000        0x8 src/ASF/common/services/hugemem/avr8/avr8_hugemem.o
 .group         0x00000000        0x8 src/ASF/common/services/hugemem/avr8/avr8_hugemem.o
 .group         0x00000000        0x8 src/ASF/common/services/hugemem/avr8/avr8_hugemem.o
 .group         0x00000000        0x8 src/ASF/common/services/hugemem/avr8/avr8_hugemem.o
 .group         0x00000000        0x8 src/ASF/common/services/hugemem/avr8/avr8_hugemem.o
 .group         0x00000000        0x8 src/ASF/common/services/hugemem/avr8/avr8_hugemem.o
 .group         0x00000000        0x8 src/ASF/common/services/hugemem/avr8/avr8_hugemem.o
 .group         0x00000000        0x8 src/ASF/common/services/hugemem/avr8/avr8_hugemem.o
 .group         0x00000000        0x8 src/ASF/common/services/hugemem/avr8/avr8_hugemem.o
 .group         0x00000000        0x8 src/ASF/common/services/hugemem/avr8/avr8_hugemem.o
 .group         0x00000000        0x8 src/ASF/common/services/hugemem/avr8/avr8_hugemem.o
 .group         0x00000000        0x8 src/ASF/common/services/hugemem/avr8/avr8_hugemem.o
 .group         0x00000000        0x8 src/ASF/common/services/hugemem/avr8/avr8_hugemem.o
 .group         0x00000000        0x8 src/ASF/common/services/hugemem/avr8/avr8_hugemem.o
 .group         0x00000000        0x8 src/ASF/common/services/hugemem/avr8/avr8_hugemem.o
 .group         0x00000000        0x8 src/ASF/common/services/hugemem/avr8/avr8_hugemem.o
[...]
Memory Configuration

Name             Origin             Length             Attributes
text             0x00000000         0x00100000         xr
data             0x00802000         0x0000ffa0         rw !x
eeprom           0x00810000         0x00010000         rw !x
fuse             0x00820000         0x00000400         rw !x
lock             0x00830000         0x00000400         rw !x
signature        0x00840000         0x00000400         rw !x
user_signatures  0x00850000         0x00000400         rw !x
*default*        0x00000000         0xffffffff

Linker script and memory map

LOAD c:/program files (x86)/atmel/atmel toolchain/avr8 gcc/native/3.4.1061/avr8-gnu-toolchain/bin/../lib/gcc/avr/4.8.1/../../../../avr/lib/avrxmega2/crtx32a4u.o
LOAD src/ASF/common/services/hugemem/avr8/avr8_hugemem.o
LOAD src/ASF/xmega/drivers/dma/dma.o
LOAD src/ASF/xmega/drivers/usart/usart.o
LOAD src/rs485.o
LOAD src/adc_hall.o
LOAD src/ASF/common/services/fifo/fifo.o
LOAD src/ASF/xmega/boards/init.o
LOAD src/ASF/xmega/drivers/adc/adc.o
LOAD src/ASF/xmega/drivers/adc/xmega_aau/adc_aau.o
LOAD src/ASF/xmega/drivers/tc/tc.o
LOAD src/ASF/xmega/drivers/twi/twim.o
LOAD src/ASF/xmega/drivers/wdt/wdt.o
LOAD src/protocol.o
LOAD src/HID_COM.o
LOAD src/INA219_driver.o
LOAD src/ASF/common/services/clock/xmega/sysclk.o
LOAD src/ASF/common/services/ioport/xmega/ioport_compat.o
LOAD src/ASF/common/services/sleepmgr/xmega/sleepmgr.o
LOAD src/ASF/common/services/usb/class/hid/device/generic/udi_hid_generic.o
LOAD src/ASF/common/services/usb/class/hid/device/generic/udi_hid_generic_desc.o
LOAD src/ASF/common/services/usb/class/hid/device/udi_hid.o
LOAD src/ASF/common/services/usb/udc/udc.o
LOAD src/ASF/xmega/drivers/cpu/ccp.o
LOAD src/ASF/xmega/drivers/nvm/nvm.o
LOAD src/ASF/xmega/drivers/nvm/nvm_asm.o
LOAD src/ASF/xmega/drivers/usb/usb_device.o
LOAD src/main.o
START GROUP
LOAD c:/program files (x86)/atmel/atmel toolchain/avr8 gcc/native/3.4.1061/avr8-gnu-toolchain/bin/../lib/gcc/avr/4.8.1/../../../../avr/lib/avrxmega2\libm.a
END GROUP
Address of section .BOOT set to 0x8000
START GROUP
LOAD c:/program files (x86)/atmel/atmel toolchain/avr8 gcc/native/3.4.1061/avr8-gnu-toolchain/bin/../lib/gcc/avr/4.8.1/avrxmega2\libgcc.a
LOAD c:/program files (x86)/atmel/atmel toolchain/avr8 gcc/native/3.4.1061/avr8-gnu-toolchain/bin/../lib/gcc/avr/4.8.1/../../../../avr/lib/avrxmega2\libm.a
LOAD c:/program files (x86)/atmel/atmel toolchain/avr8 gcc/native/3.4.1061/avr8-gnu-toolchain/bin/../lib/gcc/avr/4.8.1/../../../../avr/lib/avrxmega2\libc.a
END GROUP

.hash
 *(.hash)

.dynsym
 *(.dynsym)

.dynstr
 *(.dynstr)

.gnu.version
 *(.gnu.version)

.gnu.version_d
 *(.gnu.version_d)

.gnu.version_r
 *(.gnu.version_r)

.rel.init
 *(.rel.init)

.rela.init
 *(.rela.init)

.rel.text
 *(.rel.text)
 *(.rel.text.*)
 *(.rel.gnu.linkonce.t*)

.rela.text
 *(.rela.text)
 *(.rela.text.*)
 *(.rela.gnu.linkonce.t*)

.rel.fini
 *(.rel.fini)

.rela.fini
 *(.rela.fini)

.rel.rodata
 *(.rel.rodata)
 *(.rel.rodata.*)
 *(.rel.gnu.linkonce.r*)

.rela.rodata
 *(.rela.rodata)
 *(.rela.rodata.*)
 *(.rela.gnu.linkonce.r*)

.rel.data
 *(.rel.data)
 *(.rel.data.*)
 *(.rel.gnu.linkonce.d*)

.rela.data
 *(.rela.data)
 *(.rela.data.*)
 *(.rela.gnu.linkonce.d*)

.rel.ctors
 *(.rel.ctors)

.rela.ctors
 *(.rela.ctors)

.rel.dtors
 *(.rel.dtors)

.rela.dtors
 *(.rela.dtors)

.rel.got
 *(.rel.got)

.rela.got
 *(.rela.got)

.rel.bss
 *(.rel.bss)

.rela.bss
 *(.rela.bss)

.rel.plt
 *(.rel.plt)

.rela.plt
 *(.rela.plt)

.text           0x00000000     0x464e
 *(.vectors)
 .vectors       0x00000000      0x1fc c:/program files (x86)/atmel/atmel toolchain/avr8 gcc/native/3.4.1061/avr8-gnu-toolchain/bin/../lib/gcc/avr/4.8.1/../../../../avr/lib/avrxmega2/crtx32a4u.o
                0x00000000                __vector_default
                0x00000000                __vectors
 *(.vectors)
 *(.progmem.gcc*)
 .progmem.gcc_sw_table.udd_ep_get_size
                0x000001fc        0xe src/ASF/xmega/drivers/usb/usb_device.o
                0x0000020a                . = ALIGN (0x2)
                0x0000020a                __trampolines_start = .
 *(.trampolines)
 .trampolines   0x0000020a        0x0 linker stubs
 *(.trampolines*)
                0x0000020a                __trampolines_end = .
 *(.progmem*)
                0x0000020a                . = ALIGN (0x2)
 *(.jumptables)
 *(.jumptables*)
 *(.lowtext)
 *(.lowtext*)
                0x0000020a                __ctors_start = .
 *(.ctors)
                0x0000020a                __ctors_end = .
                0x0000020a                __dtors_start = .
 *(.dtors)
                0x0000020a                __dtors_end = .
 SORT(*)(.ctors)
 SORT(*)(.dtors)
 *(.init0)
 .init0         0x0000020a        0x0 c:/program files (x86)/atmel/atmel toolchain/avr8 gcc/native/3.4.1061/avr8-gnu-toolchain/bin/../lib/gcc/avr/4.8.1/../../../../avr/lib/avrxmega2/crtx32a4u.o
                0x0000020a                __init
 *(.init0)
 *(.init1)
 *(.init1)
 *(.init2)
 .init2         0x0000020a        0xc c:/program files (x86)/atmel/atmel toolchain/avr8 gcc/native/3.4.1061/avr8-gnu-toolchain/bin/../lib/gcc/avr/4.8.1/../../../../avr/lib/avrxmega2/crtx32a4u.o
 *(.init2)
 *(.init3)
 *(.init3)
 *(.init4)
 .init4         0x00000216       0x16 c:/program files (x86)/atmel/atmel toolchain/avr8 gcc/native/3.4.1061/avr8-gnu-toolchain/bin/../lib/gcc/avr/4.8.1/avrxmega2\libgcc.a(_copy_data.o)
                0x00000216                __do_copy_data
 .init4         0x0000022c       0x10 c:/program files (x86)/atmel/atmel toolchain/avr8 gcc/native/3.4.1061/avr8-gnu-toolchain/bin/../lib/gcc/avr/4.8.1/avrxmega2\libgcc.a(_clear_bss.o)
                0x0000022c                __do_clear_bss
 *(.init4)
 *(.init5)
 *(.init5)
 *(.init6)
 *(.init6)
 *(.init7)
 *(.init7)
 *(.init8)
 *(.init8)
 *(.init9)
 .init9         0x0000023c        0x8 c:/program files (x86)/atmel/atmel toolchain/avr8 gcc/native/3.4.1061/avr8-gnu-toolchain/bin/../lib/gcc/avr/4.8.1/../../../../avr/lib/avrxmega2/crtx32a4u.o
 *(.init9)
 *(.text)
 .text          0x00000244        0x2 c:/program files (x86)/atmel/atmel toolchain/avr8 gcc/native/3.4.1061/avr8-gnu-toolchain/bin/../lib/gcc/avr/4.8.1/../../../../avr/lib/avrxmega2/crtx32a4u.o
                0x00000244                __vector_38
                0x00000244                __vector_104
                0x00000244                __vector_63
                0x00000244                __vector_28
                0x00000244                __vector_67
                0x00000244                __vector_1
                0x00000244                __vector_119
                0x00000244                __vector_32
                0x00000244                __vector_75
                0x00000244                __vector_91
                0x00000244                __vector_34
                0x00000244                __vector_62
                0x00000244                __vector_102
                0x00000244                __vector_24
                0x00000244                __vector_12
                0x00000244                __vector_55
                0x00000244                __vector_69
                0x00000244                __vector_90
                0x00000244                __bad_interrupt
                0x00000244                __vector_122
                0x00000244                __vector_114
                0x00000244                __vector_110
                0x00000244                __vector_31
                0x00000244                __vector_92
                0x00000244                __vector_35
                0x00000244                __vector_117
                0x00000244                __vector_39
                0x00000244                __vector_107
                0x00000244                __vector_3
                0x00000244                __vector_105
                0x00000244                __vector_98
                0x00000244                __vector_68
                0x00000244                __vector_30
                0x00000244                __vector_45
                0x00000244                __vector_25
                0x00000244                __vector_93
                0x00000244                __vector_61
                0x00000244                __vector_11
                0x00000244                __vector_54
                0x00000244                __vector_99
                0x00000244                __vector_56
                0x00000244                __vector_123
                0x00000244                __vector_41
                0x00000244                __vector_100
                0x00000244                __vector_101
                0x00000244                __vector_64
                0x00000244                __vector_88
                0x00000244                __vector_109
                0x00000244                __vector_43
                0x00000244                __vector_27
                0x00000244                __vector_5
                0x00000244                __vector_113
                0x00000244                __vector_33
                0x00000244                __vector_76
                0x00000244                __vector_115
                0x00000244                __vector_37
                0x00000244                __vector_95
                0x00000244                __vector_103
                0x00000244                __vector_96
                0x00000244                __vector_89
                0x00000244                __vector_108
                0x00000244                __vector_4
                0x00000244                __vector_44
                0x00000244                __vector_106
                0x00000244                __vector_118
                0x00000244                __vector_2
                0x00000244                __vector_66
                0x00000244                __vector_36
                0x00000244                __vector_58
                0x00000244                __vector_70
                0x00000244                __vector_29
                0x00000244                __vector_60
                0x00000244                __vector_121
                0x00000244                __vector_40
                0x00000244                __vector_94
                0x00000244                __vector_26
                0x00000244                __vector_124
                0x00000244                __vector_116
                0x00000244                __vector_112
                0x00000244                __vector_111
                0x00000244                __vector_57
                0x00000244                __vector_53
                0x00000244                __vector_10
                0x00000244                __vector_59
                0x00000244                __vector_97
                0x00000244                __vector_42
                0x00000244                __vector_87
                0x00000244                __vector_65
                0x00000244                __vector_120
                0x00000246                . = ALIGN (0x2)
 *(.text.*)
 .text.dma_interrupt
                0x00000246       0xc4 src/ASF/xmega/drivers/dma/dma.o
 .text.dma_enable
                0x0000030a       0x26 src/ASF/xmega/drivers/dma/dma.o
                0x0000030a                dma_enable
 .text.dma_disable
                0x00000330       0x1e src/ASF/xmega/drivers/dma/dma.o
                0x00000330                dma_disable
 .text.dma_set_callback
                0x0000034e       0x12 src/ASF/xmega/drivers/dma/dma.o
                0x0000034e                dma_set_callback
 .text.__vector_6
                0x00000360       0x48 src/ASF/xmega/drivers/dma/dma.o
                0x00000360                __vector_6
 .text.__vector_7
                0x000003a8       0x48 src/ASF/xmega/drivers/dma/dma.o
                0x000003a8                __vector_7
 .text.__vector_8
                0x000003f0       0x48 src/ASF/xmega/drivers/dma/dma.o
                0x000003f0                __vector_8
 .text.__vector_9
                0x00000438       0x48 src/ASF/xmega/drivers/dma/dma.o
                0x00000438                __vector_9
 .text.dma_channel_write_config
                0x00000480       0x72 src/ASF/xmega/drivers/dma/dma.o
                0x00000480                dma_channel_write_config
 .text.usart_set_baudrate
                0x000004f2      0x214 src/ASF/xmega/drivers/usart/usart.o
                0x000004f2                usart_set_baudrate
 .text.usart_init_rs232
                0x00000706      0x208 src/ASF/xmega/drivers/usart/usart.o
                0x00000706                usart_init_rs232
 .text.rs485_trigger_dma_transfer
                0x0000090e       0xb0 src/rs485.o
                0x0000090e                rs485_trigger_dma_transfer
 .text.rs485_trigger_dma_transfer_intr
                0x000009be       0xc6 src/rs485.o
                0x000009be                rs485_trigger_dma_transfer_intr
 .text.dma1_transfer_done
                0x00000a84       0x18 src/rs485.o
                0x00000a84                dma1_transfer_done
 .text.rs485_init_dma
                0x00000a9c       0x98 src/rs485.o
                0x00000a9c                rs485_init_dma
 .text.rs485_add_data
                0x00000b34      0x154 src/rs485.o
                0x00000b34                rs485_add_data
 .text.rs485_init
                0x00000c88       0x66 src/rs485.o
                0x00000c88                rs485_init
 .text.rs485_deinit
                0x00000cee       0x30 src/rs485.o
                0x00000cee                rs485_deinit
 .text.adc_handler
                0x00000d1e       0x6a src/adc_hall.o
 .text.init_adc
                0x00000d88      0x124 src/adc_hall.o
                0x00000d88                init_adc
 .text.fifo_init
                0x00000eac       0x18 src/ASF/common/services/fifo/fifo.o
                0x00000eac                fifo_init
 .text.board_init
                0x00000ec4       0x36 src/ASF/xmega/boards/init.o
                0x00000ec4                board_init
 .text.adc_set_callback
                0x00000efa       0x16 src/ASF/xmega/drivers/adc/adc.o
                0x00000efa                adc_set_callback
 .text.adc_enable_clock
                0x00000f10       0x20 src/ASF/xmega/drivers/adc/adc.o
                0x00000f10                adc_enable_clock
 .text.adc_disable_clock
                0x00000f30       0x1e src/ASF/xmega/drivers/adc/adc.o
                0x00000f30                adc_disable_clock
 .text.adc_enable
                0x00000f4e       0x2e src/ASF/xmega/drivers/adc/adc.o
                0x00000f4e                adc_enable
 .text.adc_disable
                0x00000f7c       0x26 src/ASF/xmega/drivers/adc/adc.o
                0x00000f7c                adc_disable
 .text.__vector_71
                0x00000fa2       0x5c src/ASF/xmega/drivers/adc/xmega_aau/adc_aau.o
                0x00000fa2                __vector_71
 .text.__vector_72
                0x00000ffe       0x5c src/ASF/xmega/drivers/adc/xmega_aau/adc_aau.o
                0x00000ffe                __vector_72
 .text.__vector_73
                0x0000105a       0x5c src/ASF/xmega/drivers/adc/xmega_aau/adc_aau.o
                0x0000105a                __vector_73
 .text.__vector_74
                0x000010b6       0x5c src/ASF/xmega/drivers/adc/xmega_aau/adc_aau.o
                0x000010b6                __vector_74
 .text.adc_write_configuration
                0x00001112       0x84 src/ASF/xmega/drivers/adc/xmega_aau/adc_aau.o
                0x00001112                adc_write_configuration
 .text.adc_read_configuration
                0x00001196       0x46 src/ASF/xmega/drivers/adc/xmega_aau/adc_aau.o
                0x00001196                adc_read_configuration
 .text.adcch_write_configuration
                0x000011dc       0x72 src/ASF/xmega/drivers/adc/xmega_aau/adc_aau.o
                0x000011dc                adcch_write_configuration
 .text.adcch_read_configuration
                0x0000124e       0x74 src/ASF/xmega/drivers/adc/xmega_aau/adc_aau.o
                0x0000124e                adcch_read_configuration
 .text.__vector_14
                0x000012c2       0x52 src/ASF/xmega/drivers/tc/tc.o
                0x000012c2                __vector_14
 .text.__vector_15
                0x00001314       0x52 src/ASF/xmega/drivers/tc/tc.o
                0x00001314                __vector_15
 .text.__vector_16
                0x00001366       0x52 src/ASF/xmega/drivers/tc/tc.o
                0x00001366                __vector_16
 .text.__vector_17
                0x000013b8       0x52 src/ASF/xmega/drivers/tc/tc.o
                0x000013b8                __vector_17
 .text.__vector_18
                0x0000140a       0x52 src/ASF/xmega/drivers/tc/tc.o
                0x0000140a                __vector_18
 .text.__vector_19
                0x0000145c       0x52 src/ASF/xmega/drivers/tc/tc.o
                0x0000145c                __vector_19
 .text.__vector_20
                0x000014ae       0x52 src/ASF/xmega/drivers/tc/tc.o
                0x000014ae                __vector_20
 .text.__vector_21
                0x00001500       0x52 src/ASF/xmega/drivers/tc/tc.o
                0x00001500                __vector_21
 .text.__vector_22
                0x00001552       0x52 src/ASF/xmega/drivers/tc/tc.o
                0x00001552                __vector_22
 .text.__vector_23
                0x000015a4       0x52 src/ASF/xmega/drivers/tc/tc.o
                0x000015a4                __vector_23
 .text.__vector_77
                0x000015f6       0x52 src/ASF/xmega/drivers/tc/tc.o
                0x000015f6                __vector_77
 .text.__vector_78
                0x00001648       0x52 src/ASF/xmega/drivers/tc/tc.o
                0x00001648                __vector_78
 .text.__vector_79
                0x0000169a       0x52 src/ASF/xmega/drivers/tc/tc.o
                0x0000169a                __vector_79
 .text.__vector_80
                0x000016ec       0x52 src/ASF/xmega/drivers/tc/tc.o
                0x000016ec                __vector_80
 .text.__vector_81
                0x0000173e       0x52 src/ASF/xmega/drivers/tc/tc.o
                0x0000173e                __vector_81
 .text.__vector_82
                0x00001790       0x52 src/ASF/xmega/drivers/tc/tc.o
                0x00001790                __vector_82
 .text.__vector_83
                0x000017e2       0x52 src/ASF/xmega/drivers/tc/tc.o
                0x000017e2                __vector_83
 .text.__vector_84
                0x00001834       0x52 src/ASF/xmega/drivers/tc/tc.o
                0x00001834                __vector_84
 .text.__vector_85
                0x00001886       0x52 src/ASF/xmega/drivers/tc/tc.o
                0x00001886                __vector_85
 .text.__vector_86
                0x000018d8       0x52 src/ASF/xmega/drivers/tc/tc.o
                0x000018d8                __vector_86
 .text.__vector_47
                0x0000192a       0x52 src/ASF/xmega/drivers/tc/tc.o
                0x0000192a                __vector_47
 .text.__vector_48
                0x0000197c       0x52 src/ASF/xmega/drivers/tc/tc.o
                0x0000197c                __vector_48
 .text.__vector_49
                0x000019ce       0x52 src/ASF/xmega/drivers/tc/tc.o
                0x000019ce                __vector_49
 .text.__vector_50
                0x00001a20       0x52 src/ASF/xmega/drivers/tc/tc.o
                0x00001a20                __vector_50
 .text.__vector_51
                0x00001a72       0x52 src/ASF/xmega/drivers/tc/tc.o
                0x00001a72                __vector_51
 .text.__vector_52
                0x00001ac4       0x52 src/ASF/xmega/drivers/tc/tc.o
                0x00001ac4                __vector_52
 .text.tc_enable
                0x00001b16       0x90 src/ASF/xmega/drivers/tc/tc.o
                0x00001b16                tc_enable
 .text.tc_set_overflow_interrupt_callback
                0x00001ba6       0x58 src/ASF/xmega/drivers/tc/tc.o
                0x00001ba6                tc_set_overflow_interrupt_callback
 .text.twim_interrupt_handler
                0x00001bfe      0x13a src/ASF/xmega/drivers/twi/twim.o
 .text.__vector_13
                0x00001d38       0x46 src/ASF/xmega/drivers/twi/twim.o
                0x00001d38                __vector_13
 .text.__vector_46
                0x00001d7e       0x46 src/ASF/xmega/drivers/twi/twim.o
                0x00001d7e                __vector_46
 .text.twi_master_init
                0x00001dc4       0x2a src/ASF/xmega/drivers/twi/twim.o
                0x00001dc4                twi_master_init
 .text.twi_master_transfer
                0x00001dee       0xb8 src/ASF/xmega/drivers/twi/twim.o
                0x00001dee                twi_master_transfer
 .text.wdt_set_timeout_period
                0x00001ea6       0x28 src/ASF/xmega/drivers/wdt/wdt.o
                0x00001ea6                wdt_set_timeout_period
 .text.wdt_enable
                0x00001ece       0x1c src/ASF/xmega/drivers/wdt/wdt.o
                0x00001ece                wdt_enable
 .text.proto_gen_tpm2_frame
                0x00001eea       0xe4 src/protocol.o
                0x00001eea                proto_gen_tpm2_frame
 .text.proto_send_data
                0x00001fce       0xa0 src/protocol.o
                0x00001fce                proto_send_data
 .text.proto_send_id
                0x0000206e       0x50 src/protocol.o
                0x0000206e                proto_send_id
 .text.proto_send_scale
                0x000020be       0x84 src/protocol.o
                0x000020be                proto_send_scale
 .text.proto_send
                0x00002142       0x24 src/protocol.o
                0x00002142                proto_send
 .text.proto_receiver
                0x00002166      0x28e src/protocol.o
                0x00002166                proto_receiver
 .text.hid_message
                0x000023f4       0x20 src/HID_COM.o
                0x000023f4                hid_message
 .text.main_suspend_action
                0x00002414        0xc src/HID_COM.o
                0x00002414                main_suspend_action
 .text.main_resume_action
                0x00002420        0xc src/HID_COM.o
                0x00002420                main_resume_action
 .text.main_sof_action
                0x0000242c        0x6 src/HID_COM.o
                0x0000242c                main_sof_action
 .text.main_generic_enable
                0x00002432        0x8 src/HID_COM.o
                0x00002432                main_generic_enable
 .text.main_generic_disable
                0x0000243a        0x6 src/HID_COM.o
                0x0000243a                main_generic_disable
 .text.main_hid_set_feature
                0x00002440        0x2 src/HID_COM.o
                0x00002440                main_hid_set_feature
 .text.INA219_init
                0x00002442       0xf6 src/INA219_driver.o
                0x00002442                INA219_init
 .text.INA219_read
                0x00002538      0x284 src/INA219_driver.o
                0x00002538                INA219_read
 .text.sysclk_init
                0x000027bc       0xd8 src/ASF/common/services/clock/xmega/sysclk.o
                0x000027bc                sysclk_init
 .text.sysclk_enable_module
                0x00002894       0x18 src/ASF/common/services/clock/xmega/sysclk.o
                0x00002894                sysclk_enable_module
 .text.sysclk_disable_module
                0x000028ac       0x16 src/ASF/common/services/clock/xmega/sysclk.o
                0x000028ac                sysclk_disable_module
 .text.sysclk_enable_usb
                0x000028c2       0x6c src/ASF/common/services/clock/xmega/sysclk.o
                0x000028c2                sysclk_enable_usb
 .text.sysclk_disable_usb
                0x0000292e       0x10 src/ASF/common/services/clock/xmega/sysclk.o
                0x0000292e                sysclk_disable_usb
 .text.ioport_configure_port_pin
                0x0000293e       0x50 src/ASF/common/services/ioport/xmega/ioport_compat.o
                0x0000293e                ioport_configure_port_pin
 .text.udi_hid_generic_getsetting
                0x0000298e        0x4 src/ASF/common/services/usb/class/hid/device/generic/udi_hid_generic.o
                0x0000298e                udi_hid_generic_getsetting
 .text.udi_hid_generic_setreport
                0x00002992       0x54 src/ASF/common/services/usb/class/hid/device/generic/udi_hid_generic.o
 .text.udi_hid_generic_report_in_sent
                0x000029e6        0x8 src/ASF/common/services/usb/class/hid/device/generic/udi_hid_generic.o
 .text.udi_hid_generic_report_out_enable
                0x000029ee       0x1e src/ASF/common/services/usb/class/hid/device/generic/udi_hid_generic.o
 .text.udi_hid_generic_enable
                0x00002a0c       0x16 src/ASF/common/services/usb/class/hid/device/generic/udi_hid_generic.o
                0x00002a0c                udi_hid_generic_enable
 .text.udi_hid_generic_report_out_received
                0x00002a22       0x14 src/ASF/common/services/usb/class/hid/device/generic/udi_hid_generic.o
 .text.udi_hid_generic_disable
                0x00002a36        0x4 src/ASF/common/services/usb/class/hid/device/generic/udi_hid_generic.o
                0x00002a36                udi_hid_generic_disable
 .text.udi_hid_generic_setup
                0x00002a3a       0x14 src/ASF/common/services/usb/class/hid/device/generic/udi_hid_generic.o
                0x00002a3a                udi_hid_generic_setup
 .text.udi_hid_generic_setfeature_valid
                0x00002a4e       0x14 src/ASF/common/services/usb/class/hid/device/generic/udi_hid_generic.o
 .text.udi_hid_generic_send_report_in
                0x00002a62       0x62 src/ASF/common/services/usb/class/hid/device/generic/udi_hid_generic.o
                0x00002a62                udi_hid_generic_send_report_in
 .text.udi_hid_setup
                0x00002ac4      0x12c src/ASF/common/services/usb/class/hid/device/udi_hid.o
                0x00002ac4                udi_hid_setup
 .text.udc_next_desc_in_iface
                0x00002bf0       0x6a src/ASF/common/services/usb/udc/udc.o
 .text.udc_valid_address
                0x00002c5a        0xa src/ASF/common/services/usb/udc/udc.o
 .text.udc_update_iface_desc
                0x00002c64       0x74 src/ASF/common/services/usb/udc/udc.o
 .text.udc_iface_disable
                0x00002cd8       0x84 src/ASF/common/services/usb/udc/udc.o
 .text.udc_iface_enable
                0x00002d5c       0x64 src/ASF/common/services/usb/udc/udc.o
 .text.udc_get_interface_desc
                0x00002dc0        0xa src/ASF/common/services/usb/udc/udc.o
                0x00002dc0                udc_get_interface_desc
 .text.udc_start
                0x00002dca        0x4 src/ASF/common/services/usb/udc/udc.o
                0x00002dca                udc_start
 .text.udc_reset
                0x00002dce       0x4a src/ASF/common/services/usb/udc/udc.o
                0x00002dce                udc_reset
 .text.udc_stop
                0x00002e18        0x6 src/ASF/common/services/usb/udc/udc.o
                0x00002e18                udc_stop
 .text.udc_sof_notify
                0x00002e1e       0x5e src/ASF/common/services/usb/udc/udc.o
                0x00002e1e                udc_sof_notify
 .text.udc_process_setup
                0x00002e7c      0x55e src/ASF/common/services/usb/udc/udc.o
                0x00002e7c                udc_process_setup
 .text.ccp_write_io
                0x000033da        0xc src/ASF/xmega/drivers/cpu/ccp.o
                0x000033da                ccp_write_io
 .text.nvm_read_device_serial
                0x000033e6       0x7a src/ASF/xmega/drivers/nvm/nvm.o
                0x000033e6                nvm_read_device_serial
 .text.nvm_eeprom_read_byte
                0x00003460       0x22 src/ASF/xmega/drivers/nvm/nvm.o
                0x00003460                nvm_eeprom_read_byte
 .text.nvm_eeprom_read_buffer
                0x00003482       0x30 src/ASF/xmega/drivers/nvm/nvm.o
                0x00003482                nvm_eeprom_read_buffer
 .text.nvm_eeprom_flush_buffer
                0x000034b2       0x22 src/ASF/xmega/drivers/nvm/nvm.o
                0x000034b2                nvm_eeprom_flush_buffer
 .text.nvm_eeprom_load_byte_to_buffer
                0x000034d4       0x24 src/ASF/xmega/drivers/nvm/nvm.o
                0x000034d4                nvm_eeprom_load_byte_to_buffer
 .text.nvm_eeprom_load_page_to_buffer
                0x000034f8       0x3e src/ASF/xmega/drivers/nvm/nvm.o
                0x000034f8                nvm_eeprom_load_page_to_buffer
 .text.nvm_eeprom_atomic_write_page
                0x00003536       0x3a src/ASF/xmega/drivers/nvm/nvm.o
                0x00003536                nvm_eeprom_atomic_write_page
 .text.nvm_read_byte
                0x00003570       0x14 src/ASF/xmega/drivers/nvm/nvm_asm.o
                0x00003570                nvm_read_byte
 .text.udd_sleep_mode
                0x00003584       0x3e src/ASF/xmega/drivers/usb/usb_device.o
 .text.udd_ctrl_init
                0x000035c2       0x56 src/ASF/xmega/drivers/usb/usb_device.o
 .text.udd_ctrl_stall_data
                0x00003618       0x1c src/ASF/xmega/drivers/usb/usb_device.o
 .text.udd_ctrl_send_zlp_in
                0x00003634       0x1c src/ASF/xmega/drivers/usb/usb_device.o
 .text.udd_ctrl_endofrequest
                0x00003650       0x10 src/ASF/xmega/drivers/usb/usb_device.o
 .text.udd_ctrl_in_sent
                0x00003660       0xdc src/ASF/xmega/drivers/usb/usb_device.o
 .text.udd_ep_get_size
                0x0000373c       0x48 src/ASF/xmega/drivers/usb/usb_device.o
 .text.udd_ep_get_job
                0x00003784       0x36 src/ASF/xmega/drivers/usb/usb_device.o
 .text.udd_ctrl_interrupt_tc_setup
                0x000037ba       0xde src/ASF/xmega/drivers/usb/usb_device.o
 .text.udd_ep_trans_complet
                0x00003898      0x21c src/ASF/xmega/drivers/usb/usb_device.o
 .text.udd_disable
                0x00003ab4       0x34 src/ASF/xmega/drivers/usb/usb_device.o
                0x00003ab4                udd_disable
 .text.udd_attach
                0x00003ae8       0x46 src/ASF/xmega/drivers/usb/usb_device.o
                0x00003ae8                udd_attach
 .text.udd_enable
                0x00003b2e       0xe4 src/ASF/xmega/drivers/usb/usb_device.o
                0x00003b2e                udd_enable
 .text.udd_set_address
                0x00003c12        0x6 src/ASF/xmega/drivers/usb/usb_device.o
                0x00003c12                udd_set_address
 .text.udd_getaddress
                0x00003c18        0x6 src/ASF/xmega/drivers/usb/usb_device.o
                0x00003c18                udd_getaddress
 .text.udd_set_setup_payload
                0x00003c1e       0x12 src/ASF/xmega/drivers/usb/usb_device.o
                0x00003c1e                udd_set_setup_payload
 .text.udd_ep_alloc
                0x00003c30       0xc2 src/ASF/xmega/drivers/usb/usb_device.o
                0x00003c30                udd_ep_alloc
 .text.udd_ep_is_halted
                0x00003cf2       0x36 src/ASF/xmega/drivers/usb/usb_device.o
                0x00003cf2                udd_ep_is_halted
 .text.udd_ep_clear_halt
                0x00003d28       0x54 src/ASF/xmega/drivers/usb/usb_device.o
                0x00003d28                udd_ep_clear_halt
 .text.udd_ep_run
                0x00003d7c      0x10e src/ASF/xmega/drivers/usb/usb_device.o
                0x00003d7c                udd_ep_run
 .text.udd_ep_abort
                0x00003e8a       0x72 src/ASF/xmega/drivers/usb/usb_device.o
                0x00003e8a                udd_ep_abort
 .text.udd_ep_free
                0x00003efc       0x3a src/ASF/xmega/drivers/usb/usb_device.o
                0x00003efc                udd_ep_free
 .text.udd_ep_set_halt
                0x00003f36       0x42 src/ASF/xmega/drivers/usb/usb_device.o
                0x00003f36                udd_ep_set_halt
 .text.__vector_125
                0x00003f78      0x178 src/ASF/xmega/drivers/usb/usb_device.o
                0x00003f78                __vector_125
 .text.__vector_126
                0x000040f0      0x1d0 src/ASF/xmega/drivers/usb/usb_device.o
                0x000040f0                __vector_126
 .text.TimerCallback
                0x000042c0        0xc src/main.o
                0x000042c0                TimerCallback
 .text.init_timer
                0x000042cc       0x46 src/main.o
                0x000042cc                init_timer
 .text.main     0x00004312      0x2ae src/main.o
                0x00004312                main
 .text.libgcc.div
                0x000045c0       0x28 c:/program files (x86)/atmel/atmel toolchain/avr8 gcc/native/3.4.1061/avr8-gnu-toolchain/bin/../lib/gcc/avr/4.8.1/avrxmega2\libgcc.a(_udivmodhi4.o)
                0x000045c0                __udivmodhi4
 .text.libgcc.div
                0x000045e8       0x44 c:/program files (x86)/atmel/atmel toolchain/avr8 gcc/native/3.4.1061/avr8-gnu-toolchain/bin/../lib/gcc/avr/4.8.1/avrxmega2\libgcc.a(_udivmodsi4.o)
                0x000045e8                __udivmodsi4
 .text.libgcc   0x0000462c        0xc c:/program files (x86)/atmel/atmel toolchain/avr8 gcc/native/3.4.1061/avr8-gnu-toolchain/bin/../lib/gcc/avr/4.8.1/avrxmega2\libgcc.a(_tablejump.o)
                0x0000462c                __tablejump2__
                0x00004630                __tablejump__
 .text.avr-libc
                0x00004638       0x12 c:/program files (x86)/atmel/atmel toolchain/avr8 gcc/native/3.4.1061/avr8-gnu-toolchain/bin/../lib/gcc/avr/4.8.1/../../../../avr/lib/avrxmega2\libc.a(memcpy.o)
                0x00004638                memcpy
                0x0000464a                . = ALIGN (0x2)
 *(.fini9)
 .fini9         0x0000464a        0x0 c:/program files (x86)/atmel/atmel toolchain/avr8 gcc/native/3.4.1061/avr8-gnu-toolchain/bin/../lib/gcc/avr/4.8.1/avrxmega2\libgcc.a(_exit.o)
                0x0000464a                _exit
                0x0000464a                exit
 *(.fini9)
 *(.fini8)
 *(.fini8)
 *(.fini7)
 *(.fini7)
 *(.fini6)
 *(.fini6)
 *(.fini5)
 *(.fini5)
 *(.fini4)
 *(.fini4)
 *(.fini3)
 *(.fini3)
 *(.fini2)
 *(.fini2)
 *(.fini1)
 *(.fini1)
 *(.fini0)
 .fini0         0x0000464a        0x4 c:/program files (x86)/atmel/atmel toolchain/avr8 gcc/native/3.4.1061/avr8-gnu-toolchain/bin/../lib/gcc/avr/4.8.1/avrxmega2\libgcc.a(_exit.o)
 *(.fini0)
                0x0000464e                _etext = .

.data           0x00802000       0xc0 load address 0x0000464e
                0x00802000                PROVIDE (__data_start, .)
 *(.data)
 *(.data*)
 .data.sleepmgr_configs
                0x00802000        0x6 src/ASF/common/services/sleepmgr/xmega/sleepmgr.o
                0x00802000                sleepmgr_configs
 .data.udi_hid_generic_report_desc
                0x00802006       0x35 src/ASF/common/services/usb/class/hid/device/generic/udi_hid_generic.o
                0x00802006                udi_hid_generic_report_desc
 .data.udi_api_hid_generic
                0x0080203b        0xa src/ASF/common/services/usb/class/hid/device/generic/udi_hid_generic.o
                0x0080203b                udi_api_hid_generic
 .data.udc_config
                0x00802045        0x6 src/ASF/common/services/usb/class/hid/device/generic/udi_hid_generic_desc.o
                0x00802045                udc_config
 .data.udc_config_fshs
                0x0080204b        0x4 src/ASF/common/services/usb/class/hid/device/generic/udi_hid_generic_desc.o
                0x0080204b                udc_config_fshs
 .data.udi_apis
                0x0080204f        0x2 src/ASF/common/services/usb/class/hid/device/generic/udi_hid_generic_desc.o
                0x0080204f                udi_apis
 *fill*         0x00802051        0x1 
 .data.udc_desc
                0x00802052       0x2a src/ASF/common/services/usb/class/hid/device/generic/udi_hid_generic_desc.o
                0x00802052                udc_desc
 .data.udc_device_desc
                0x0080207c       0x12 src/ASF/common/services/usb/class/hid/device/generic/udi_hid_generic_desc.o
                0x0080207c                udc_device_desc
 .data.udc_string_desc
                0x0080208e       0x16 src/ASF/common/services/usb/udc/udc.o
 .data.udc_string_product_name
                0x008020a4        0xb src/ASF/common/services/usb/udc/udc.o
 .data.udc_string_manufacturer_name
                0x008020af        0xb src/ASF/common/services/usb/udc/udc.o
 .data.udc_string_desc_languageid
                0x008020ba        0x4 src/ASF/common/services/usb/udc/udc.o
 .data.start_bootloader
                0x008020be        0x2 src/main.o
                0x008020be                start_bootloader
 *(.rodata)
 *(.rodata*)
 *(.gnu.linkonce.d*)
                0x008020c0                . = ALIGN (0x2)
                0x008020c0                _edata = .
                0x008020c0                PROVIDE (__data_end, .)

.bss            0x008020c0      0x435
                0x008020c0                PROVIDE (__bss_start, .)
 *(.bss)
 *(.bss*)
 .bss.temp      0x008020c0        0x1 src/rs485.o
                0x008020c0                temp
 .bss.dma_fifo_readpointer
                0x008020c1        0x1 src/rs485.o
                0x008020c1                dma_fifo_readpointer
 .bss.dma_fifo_writepointer
                0x008020c2        0x1 src/rs485.o
                0x008020c2                dma_fifo_writepointer
 .bss.filter_var.6546
                0x008020c3        0x4 src/adc_hall.o
 .bss.adca_enable_count
                0x008020c7        0x1 src/ASF/xmega/drivers/adc/adc.o
 .bss.tc_tce0_ccd_callback
                0x008020c8        0x2 src/ASF/xmega/drivers/tc/tc.o
 .bss.tc_tce0_ccc_callback
                0x008020ca        0x2 src/ASF/xmega/drivers/tc/tc.o
 .bss.tc_tce0_ccb_callback
                0x008020cc        0x2 src/ASF/xmega/drivers/tc/tc.o
 .bss.tc_tce0_cca_callback
                0x008020ce        0x2 src/ASF/xmega/drivers/tc/tc.o
 .bss.tc_tce0_err_callback
                0x008020d0        0x2 src/ASF/xmega/drivers/tc/tc.o
 .bss.tc_tce0_ovf_callback
                0x008020d2        0x2 src/ASF/xmega/drivers/tc/tc.o
 .bss.tc_tcd1_ccb_callback
                0x008020d4        0x2 src/ASF/xmega/drivers/tc/tc.o
 .bss.tc_tcd1_cca_callback
                0x008020d6        0x2 src/ASF/xmega/drivers/tc/tc.o
 .bss.tc_tcd1_err_callback
                0x008020d8        0x2 src/ASF/xmega/drivers/tc/tc.o
 .bss.tc_tcd1_ovf_callback
                0x008020da        0x2 src/ASF/xmega/drivers/tc/tc.o
 .bss.tc_tcd0_ccd_callback
                0x008020dc        0x2 src/ASF/xmega/drivers/tc/tc.o
 .bss.tc_tcd0_ccc_callback
                0x008020de        0x2 src/ASF/xmega/drivers/tc/tc.o
 .bss.tc_tcd0_ccb_callback
                0x008020e0        0x2 src/ASF/xmega/drivers/tc/tc.o
 .bss.tc_tcd0_cca_callback
                0x008020e2        0x2 src/ASF/xmega/drivers/tc/tc.o
 .bss.tc_tcd0_err_callback
                0x008020e4        0x2 src/ASF/xmega/drivers/tc/tc.o
 .bss.tc_tcd0_ovf_callback
                0x008020e6        0x2 src/ASF/xmega/drivers/tc/tc.o
 .bss.tc_tcc1_ccb_callback
                0x008020e8        0x2 src/ASF/xmega/drivers/tc/tc.o
 .bss.tc_tcc1_cca_callback
                0x008020ea        0x2 src/ASF/xmega/drivers/tc/tc.o
 .bss.tc_tcc1_err_callback
                0x008020ec        0x2 src/ASF/xmega/drivers/tc/tc.o
 .bss.tc_tcc1_ovf_callback
                0x008020ee        0x2 src/ASF/xmega/drivers/tc/tc.o
 .bss.tc_tcc0_ccd_callback
                0x008020f0        0x2 src/ASF/xmega/drivers/tc/tc.o
 .bss.tc_tcc0_ccc_callback
                0x008020f2        0x2 src/ASF/xmega/drivers/tc/tc.o
 .bss.tc_tcc0_ccb_callback
                0x008020f4        0x2 src/ASF/xmega/drivers/tc/tc.o
 .bss.tc_tcc0_cca_callback
                0x008020f6        0x2 src/ASF/xmega/drivers/tc/tc.o
 .bss.tc_tcc0_err_callback
                0x008020f8        0x2 src/ASF/xmega/drivers/tc/tc.o
 .bss.tc_tcc0_ovf_callback
                0x008020fa        0x2 src/ASF/xmega/drivers/tc/tc.o
 .bss.transfer  0x008020fc        0xb src/ASF/xmega/drivers/twi/twim.o
 .bss.Framesize
                0x00802107        0x2 src/protocol.o
 .bss.count     0x00802109        0x2 src/protocol.o
 .bss.tpm2state
                0x0080210b        0x1 src/protocol.o
 .bss.send_buf_pointer
                0x0080210c        0x1 src/protocol.o
                0x0080210c                send_buf_pointer
 .bss.send_buf_rdy
                0x0080210d        0x1 src/protocol.o
                0x0080210d                send_buf_rdy
 .bss.msg_ready
                0x0080210e        0x1 src/HID_COM.o
                0x0080210e                msg_ready
 .bss.main_b_attached
                0x0080210f        0x1 src/HID_COM.o
                0x0080210f                main_b_attached
 .bss.main_b_generic_enable
                0x00802110        0x1 src/HID_COM.o
                0x00802110                main_b_generic_enable
 *fill*         0x00802111        0x1 
 .bss.udi_hid_generic_report_feature
                0x00802112        0x4 src/ASF/common/services/usb/class/hid/device/generic/udi_hid_generic.o
 .bss.udi_hid_generic_report_out
                0x00802116       0x40 src/ASF/common/services/usb/class/hid/device/generic/udi_hid_generic.o
 .bss.udi_hid_generic_report_in
                0x00802156       0x40 src/ASF/common/services/usb/class/hid/device/generic/udi_hid_generic.o
 .bss.udi_hid_generic_b_report_in_free
                0x00802196        0x1 src/ASF/common/services/usb/class/hid/device/generic/udi_hid_generic.o
 *fill*         0x00802197        0x1 
 .bss.udi_hid_generic_protocol
                0x00802198        0x2 src/ASF/common/services/usb/class/hid/device/generic/udi_hid_generic.o
 .bss.udi_hid_generic_rate
                0x0080219a        0x2 src/ASF/common/services/usb/class/hid/device/generic/udi_hid_generic.o
 .bss.udc_ep_status.6610
                0x0080219c        0x2 src/ASF/common/services/usb/udc/udc.o
 .bss.udc_iface_setting.6669
                0x0080219e        0x1 src/ASF/common/services/usb/udc/udc.o
 .bss.udc_ptr_iface
                0x0080219f        0x2 src/ASF/common/services/usb/udc/udc.o
 .bss.udc_ptr_conf
                0x008021a1        0x2 src/ASF/common/services/usb/udc/udc.o
 .bss.udc_num_configuration
                0x008021a3        0x1 src/ASF/common/services/usb/udc/udc.o
 .bss.udc_device_status
                0x008021a4        0x2 src/ASF/common/services/usb/udc/udc.o
 .bss.b_shortpacket.6766
                0x008021a6        0x1 src/ASF/xmega/drivers/usb/usb_device.o
 .bss.udd_ep_out_cache_buffer
                0x008021a7       0x80 src/ASF/xmega/drivers/usb/usb_device.o
 .bss.udd_ep_job
                0x00802227       0x24 src/ASF/xmega/drivers/usb/usb_device.o
 .bss.udd_ctrl_buffer
                0x0080224b        0x8 src/ASF/xmega/drivers/usb/usb_device.o
 .bss.udd_ctrl_payload_nb_trans
                0x00802253        0x2 src/ASF/xmega/drivers/usb/usb_device.o
 .bss.udd_ctrl_prev_payload_nb_trans
                0x00802255        0x2 src/ASF/xmega/drivers/usb/usb_device.o
 .bss.udd_ep_control_state
                0x00802257        0x1 src/ASF/xmega/drivers/usb/usb_device.o
 .bss.udd_sram  0x00802258       0x40 src/ASF/xmega/drivers/usb/usb_device.o
 .bss.udd_b_idle
                0x00802298        0x1 src/ASF/xmega/drivers/usb/usb_device.o
 .bss.timer_cnt
                0x00802299        0x1 src/main.o
                0x00802299                timer_cnt
 .bss.use_hall_sensor
                0x0080229a        0x1 src/main.o
                0x0080229a                use_hall_sensor
 *(COMMON)
 COMMON         0x0080229b        0x8 src/ASF/xmega/drivers/dma/dma.o
                0x0080229b                dma_data
 COMMON         0x008022a3      0x14a src/rs485.o
                0x008022a3                dma_fifo
 COMMON         0x008023ed        0x2 src/adc_hall.o
                0x008023ed                adc_value
 COMMON         0x008023ef        0x2 src/ASF/xmega/drivers/adc/adc.o
                0x008023ef                adca_callback
 COMMON         0x008023f1       0x47 src/protocol.o
                0x008023f1                fifo_desc
                0x008023f7                send_buf
 COMMON         0x00802438       0x41 src/HID_COM.o
                0x00802438                hid_revc_buf
 COMMON         0x00802479       0x20 src/INA219_driver.o
                0x00802479                fifo_buffer
 COMMON         0x00802499        0x6 src/ASF/common/services/sleepmgr/xmega/sleepmgr.o
                0x00802499                sleepmgr_locks
 COMMON         0x0080249f       0x10 src/ASF/xmega/drivers/usb/usb_device.o
                0x0080249f                udd_g_ctrlreq
 COMMON         0x008024af       0x46 src/main.o
                0x008024af                product_bytes
                0x008024ba                ee_scale_settings
                0x008024da                ina_data
                0x008024f5                PROVIDE (__bss_end, .)
                0x0000464e                __data_load_start = LOADADDR (.data)
                0x0000470e                __data_load_end = (__data_load_start + SIZEOF (.data))

.noinit         0x008024f5        0x0
                0x008024f5                PROVIDE (__noinit_start, .)
 *(.noinit*)
                0x008024f5                PROVIDE (__noinit_end, .)
                0x008024f5                _end = .
                0x008024f5                PROVIDE (__heap_start, .)

.eeprom         0x00810000        0x0
 *(.eeprom*)
                0x00810000                __eeprom_end = .

.fuse
 *(.fuse)
 *(.lfuse)
 *(.hfuse)
 *(.efuse)

.lock
 *(.lock*)

.signature
 *(.signature*)

.user_signatures
 *(.user_signatures*)

.stab
 *(.stab)

.stabstr
 *(.stabstr)

.stab.excl
 *(.stab.excl)

.stab.exclstr
 *(.stab.exclstr)

.stab.index
 *(.stab.index)

.stab.indexstr
 *(.stab.indexstr)

.comment        0x00000000       0x30
 *(.comment)
 .comment       0x00000000       0x30 src/ASF/xmega/drivers/dma/dma.o
                                 0x31 (size before relaxing)
 .comment       0x00000000       0x31 src/ASF/xmega/drivers/usart/usart.o
 .comment       0x00000000       0x31 src/rs485.o
 .comment       0x00000000       0x31 src/adc_hall.o
 .comment       0x00000000       0x31 src/ASF/common/services/fifo/fifo.o
 .comment       0x00000000       0x31 src/ASF/xmega/boards/init.o
 .comment       0x00000000       0x31 src/ASF/xmega/drivers/adc/adc.o
 .comment       0x00000000       0x31 src/ASF/xmega/drivers/adc/xmega_aau/adc_aau.o
 .comment       0x00000000       0x31 src/ASF/xmega/drivers/tc/tc.o
 .comment       0x00000000       0x31 src/ASF/xmega/drivers/twi/twim.o
 .comment       0x00000000       0x31 src/ASF/xmega/drivers/wdt/wdt.o
 .comment       0x00000000       0x31 src/protocol.o
 .comment       0x00000000       0x31 src/HID_COM.o
 .comment       0x00000000       0x31 src/INA219_driver.o
 .comment       0x00000000       0x31 src/ASF/common/services/clock/xmega/sysclk.o
 .comment       0x00000000       0x31 src/ASF/common/services/ioport/xmega/ioport_compat.o
 .comment       0x00000000       0x31 src/ASF/common/services/sleepmgr/xmega/sleepmgr.o
 .comment       0x00000000       0x31 src/ASF/common/services/usb/class/hid/device/generic/udi_hid_generic.o
 .comment       0x00000000       0x31 src/ASF/common/services/usb/class/hid/device/generic/udi_hid_generic_desc.o
 .comment       0x00000000       0x31 src/ASF/common/services/usb/class/hid/device/udi_hid.o
 .comment       0x00000000       0x31 src/ASF/common/services/usb/udc/udc.o
 .comment       0x00000000       0x31 src/ASF/xmega/drivers/nvm/nvm.o
 .comment       0x00000000       0x31 src/ASF/xmega/drivers/usb/usb_device.o
 .comment       0x00000000       0x31 src/main.o

.note.gnu.build-id
 *(.note.gnu.build-id)

.debug
 *(.debug)

.line
 *(.line)

.debug_srcinfo
 *(.debug_srcinfo)

.debug_sfnames
 *(.debug_sfnames)

.debug_aranges  0x00000000      0x870
 *(.debug_aranges)
 .debug_aranges
                0x00000000       0x68 src/ASF/xmega/drivers/dma/dma.o
 .debug_aranges
                0x00000068       0x58 src/ASF/xmega/drivers/usart/usart.o
 .debug_aranges
                0x000000c0       0x50 src/rs485.o
 .debug_aranges
                0x00000110       0x28 src/adc_hall.o
 .debug_aranges
                0x00000138       0x20 src/ASF/common/services/fifo/fifo.o
 .debug_aranges
                0x00000158       0x20 src/ASF/xmega/boards/init.o
 .debug_aranges
                0x00000178       0x48 src/ASF/xmega/drivers/adc/adc.o
 .debug_aranges
                0x000001c0       0x58 src/ASF/xmega/drivers/adc/xmega_aau/adc_aau.o
 .debug_aranges
                0x00000218      0x128 src/ASF/xmega/drivers/tc/tc.o
 .debug_aranges
                0x00000340       0x40 src/ASF/xmega/drivers/twi/twim.o
 .debug_aranges
                0x00000380       0x50 src/ASF/xmega/drivers/wdt/wdt.o
 .debug_aranges
                0x000003d0       0x48 src/protocol.o
 .debug_aranges
                0x00000418       0x50 src/HID_COM.o
 .debug_aranges
                0x00000468       0x28 src/INA219_driver.o
 .debug_aranges
                0x00000490       0x40 src/ASF/common/services/clock/xmega/sysclk.o
 .debug_aranges
                0x000004d0       0x20 src/ASF/common/services/ioport/xmega/ioport_compat.o
 .debug_aranges
                0x000004f0       0x18 src/ASF/common/services/sleepmgr/xmega/sleepmgr.o
 .debug_aranges
                0x00000508       0x68 src/ASF/common/services/usb/class/hid/device/generic/udi_hid_generic.o
 .debug_aranges
                0x00000570       0x18 src/ASF/common/services/usb/class/hid/device/generic/udi_hid_generic_desc.o
 .debug_aranges
                0x00000588       0x20 src/ASF/common/services/usb/class/hid/device/udi_hid.o
 .debug_aranges
                0x000005a8       0x70 src/ASF/common/services/usb/udc/udc.o
 .debug_aranges
                0x00000618       0x20 src/ASF/xmega/drivers/cpu/ccp.o
 .debug_aranges
                0x00000638       0xc0 src/ASF/xmega/drivers/nvm/nvm.o
 .debug_aranges
                0x000006f8       0x28 src/ASF/xmega/drivers/nvm/nvm_asm.o
 .debug_aranges
                0x00000720      0x120 src/ASF/xmega/drivers/usb/usb_device.o
 .debug_aranges
                0x00000840       0x30 src/main.o

.debug_pubnames
 *(.debug_pubnames)

.debug_info     0x00000000    0x16db0
 *(.debug_info .gnu.linkonce.wi.*)
 .debug_info    0x00000000      0xa51 src/ASF/xmega/drivers/dma/dma.o
 .debug_info    0x00000a51     0x2d92 src/ASF/xmega/drivers/usart/usart.o
 .debug_info    0x000037e3     0x2f53 src/rs485.o
 .debug_info    0x00006736     0x130b src/adc_hall.o
 .debug_info    0x00007a41      0x1b3 src/ASF/common/services/fifo/fifo.o
 .debug_info    0x00007bf4      0x46a src/ASF/xmega/boards/init.o
 .debug_info    0x0000805e      0xa5b src/ASF/xmega/drivers/adc/adc.o
 .debug_info    0x00008ab9      0xd53 src/ASF/xmega/drivers/adc/xmega_aau/adc_aau.o
 .debug_info    0x0000980c     0x16e9 src/ASF/xmega/drivers/tc/tc.o
 .debug_info    0x0000aef5      0x901 src/ASF/xmega/drivers/twi/twim.o
 .debug_info    0x0000b7f6      0x4e1 src/ASF/xmega/drivers/wdt/wdt.o
 .debug_info    0x0000bcd7      0xb6b src/protocol.o
 .debug_info    0x0000c842      0x25c src/HID_COM.o
 .debug_info    0x0000ca9e     0x23c5 src/INA219_driver.o
 .debug_info    0x0000ee63      0xc3d src/ASF/common/services/clock/xmega/sysclk.o
 .debug_info    0x0000faa0      0x11d src/ASF/common/services/ioport/xmega/ioport_compat.o
 .debug_info    0x0000fbbd      0x121 src/ASF/common/services/sleepmgr/xmega/sleepmgr.o
 .debug_info    0x0000fcde      0x78d src/ASF/common/services/usb/class/hid/device/generic/udi_hid_generic.o
 .debug_info    0x0001046b      0x724 src/ASF/common/services/usb/class/hid/device/generic/udi_hid_generic_desc.o
 .debug_info    0x00010b8f      0x4a9 src/ASF/common/services/usb/class/hid/device/udi_hid.o
 .debug_info    0x00011038     0x11ea src/ASF/common/services/usb/udc/udc.o
 .debug_info    0x00012222       0x8f src/ASF/xmega/drivers/cpu/ccp.o
 .debug_info    0x000122b1     0x13ae src/ASF/xmega/drivers/nvm/nvm.o
 .debug_info    0x0001365f       0x8f src/ASF/xmega/drivers/nvm/nvm_asm.o
 .debug_info    0x000136ee     0x1e6e src/ASF/xmega/drivers/usb/usb_device.o
 .debug_info    0x0001555c     0x1854 src/main.o

.debug_abbrev   0x00000000     0x4053
 *(.debug_abbrev)
 .debug_abbrev  0x00000000      0x30e src/ASF/xmega/drivers/dma/dma.o
 .debug_abbrev  0x0000030e      0x3e8 src/ASF/xmega/drivers/usart/usart.o
 .debug_abbrev  0x000006f6      0x3f2 src/rs485.o
 .debug_abbrev  0x00000ae8      0x3b0 src/adc_hall.o
 .debug_abbrev  0x00000e98       0xdb src/ASF/common/services/fifo/fifo.o
 .debug_abbrev  0x00000f73      0x166 src/ASF/xmega/boards/init.o
 .debug_abbrev  0x000010d9      0x2ac src/ASF/xmega/drivers/adc/adc.o
 .debug_abbrev  0x00001385      0x32a src/ASF/xmega/drivers/adc/xmega_aau/adc_aau.o
 .debug_abbrev  0x000016af      0x2a7 src/ASF/xmega/drivers/tc/tc.o
 .debug_abbrev  0x00001956      0x2a1 src/ASF/xmega/drivers/twi/twim.o
 .debug_abbrev  0x00001bf7      0x15d src/ASF/xmega/drivers/wdt/wdt.o
 .debug_abbrev  0x00001d54      0x328 src/protocol.o
 .debug_abbrev  0x0000207c      0x11b src/HID_COM.o
 .debug_abbrev  0x00002197      0x34a src/INA219_driver.o
 .debug_abbrev  0x000024e1      0x2cd src/ASF/common/services/clock/xmega/sysclk.o
 .debug_abbrev  0x000027ae       0x93 src/ASF/common/services/ioport/xmega/ioport_compat.o
 .debug_abbrev  0x00002841       0x80 src/ASF/common/services/sleepmgr/xmega/sleepmgr.o
 .debug_abbrev  0x000028c1      0x359 src/ASF/common/services/usb/class/hid/device/generic/udi_hid_generic.o
 .debug_abbrev  0x00002c1a      0x117 src/ASF/common/services/usb/class/hid/device/generic/udi_hid_generic_desc.o
 .debug_abbrev  0x00002d31      0x1ad src/ASF/common/services/usb/class/hid/device/udi_hid.o
 .debug_abbrev  0x00002ede      0x3ad src/ASF/common/services/usb/udc/udc.o
 .debug_abbrev  0x0000328b       0x14 src/ASF/xmega/drivers/cpu/ccp.o
 .debug_abbrev  0x0000329f      0x3ed src/ASF/xmega/drivers/nvm/nvm.o
 .debug_abbrev  0x0000368c       0x12 src/ASF/xmega/drivers/nvm/nvm_asm.o
 .debug_abbrev  0x0000369e      0x5ca src/ASF/xmega/drivers/usb/usb_device.o
 .debug_abbrev  0x00003c68      0x3eb src/main.o

.debug_line     0x00000000     0xfc95
 *(.debug_line .debug_line.* .debug_line_end)
 .debug_line    0x00000000      0x8af src/ASF/xmega/drivers/dma/dma.o
 .debug_line    0x000008af      0xba8 src/ASF/xmega/drivers/usart/usart.o
 .debug_line    0x00001457      0xe95 src/rs485.o
 .debug_line    0x000022ec      0xc6c src/adc_hall.o
 .debug_line    0x00002f58      0x3ca src/ASF/common/services/fifo/fifo.o
 .debug_line    0x00003322      0x4b0 src/ASF/xmega/boards/init.o
 .debug_line    0x000037d2      0x6e0 src/ASF/xmega/drivers/adc/adc.o
 .debug_line    0x00003eb2      0x85c src/ASF/xmega/drivers/adc/xmega_aau/adc_aau.o
 .debug_line    0x0000470e      0xc19 src/ASF/xmega/drivers/tc/tc.o
 .debug_line    0x00005327      0x605 src/ASF/xmega/drivers/twi/twim.o
 .debug_line    0x0000592c      0x546 src/ASF/xmega/drivers/wdt/wdt.o
 .debug_line    0x00005e72      0xeb2 src/protocol.o
 .debug_line    0x00006d24      0xb60 src/HID_COM.o
 .debug_line    0x00007884      0xdb9 src/INA219_driver.o
 .debug_line    0x0000863d      0x6cf src/ASF/common/services/clock/xmega/sysclk.o
 .debug_line    0x00008d0c      0x48d src/ASF/common/services/ioport/xmega/ioport_compat.o
 .debug_line    0x00009199      0x430 src/ASF/common/services/sleepmgr/xmega/sleepmgr.o
 .debug_line    0x000095c9      0xc6e src/ASF/common/services/usb/class/hid/device/generic/udi_hid_generic.o
 .debug_line    0x0000a237      0xac7 src/ASF/common/services/usb/class/hid/device/generic/udi_hid_generic_desc.o
 .debug_line    0x0000acfe      0xbb0 src/ASF/common/services/usb/class/hid/device/udi_hid.o
 .debug_line    0x0000b8ae     0x10ad src/ASF/common/services/usb/udc/udc.o
 .debug_line    0x0000c95b       0x6e src/ASF/xmega/drivers/cpu/ccp.o
 .debug_line    0x0000c9c9      0xb37 src/ASF/xmega/drivers/nvm/nvm.o
 .debug_line    0x0000d500      0x11f src/ASF/xmega/drivers/nvm/nvm_asm.o
 .debug_line    0x0000d61f     0x18cb src/ASF/xmega/drivers/usb/usb_device.o
 .debug_line    0x0000eeea      0xdab src/main.o

.debug_frame    0x00000000     0x1ed0
 *(.debug_frame)
 .debug_frame   0x00000000      0x1e0 src/ASF/xmega/drivers/dma/dma.o
 .debug_frame   0x000001e0      0x148 src/ASF/xmega/drivers/usart/usart.o
 .debug_frame   0x00000328       0xc4 src/rs485.o
 .debug_frame   0x000003ec       0x5c src/adc_hall.o
 .debug_frame   0x00000448       0x24 src/ASF/common/services/fifo/fifo.o
 .debug_frame   0x0000046c       0x24 src/ASF/xmega/boards/init.o
 .debug_frame   0x00000490       0x8c src/ASF/xmega/drivers/adc/adc.o
 .debug_frame   0x0000051c      0x244 src/ASF/xmega/drivers/adc/xmega_aau/adc_aau.o
 .debug_frame   0x00000760      0x994 src/ASF/xmega/drivers/tc/tc.o
 .debug_frame   0x000010f4      0x100 src/ASF/xmega/drivers/twi/twim.o
 .debug_frame   0x000011f4       0x84 src/ASF/xmega/drivers/wdt/wdt.o
 .debug_frame   0x00001278      0x128 src/protocol.o
 .debug_frame   0x000013a0       0x84 src/HID_COM.o
 .debug_frame   0x00001424       0x78 src/INA219_driver.o
 .debug_frame   0x0000149c       0x74 src/ASF/common/services/clock/xmega/sysclk.o
 .debug_frame   0x00001510       0x30 src/ASF/common/services/ioport/xmega/ioport_compat.o
 .debug_frame   0x00001540       0xd0 src/ASF/common/services/usb/class/hid/device/generic/udi_hid_generic.o
 .debug_frame   0x00001610       0x30 src/ASF/common/services/usb/class/hid/device/udi_hid.o
 .debug_frame   0x00001640      0x120 src/ASF/common/services/usb/udc/udc.o
 .debug_frame   0x00001760      0x340 src/ASF/xmega/drivers/nvm/nvm.o
 .debug_frame   0x00001aa0      0x3d0 src/ASF/xmega/drivers/usb/usb_device.o
 .debug_frame   0x00001e70       0x60 src/main.o

.debug_str      0x00000000    0x31a8b
 *(.debug_str)
 .debug_str     0x00000000    0x24856 src/ASF/xmega/drivers/dma/dma.o
                              0x24f52 (size before relaxing)
 .debug_str     0x00024856     0x141e src/ASF/xmega/drivers/usart/usart.o
                              0x25b9b (size before relaxing)
 .debug_str     0x00025c74     0x45df src/rs485.o
                              0x2a35e (size before relaxing)
 .debug_str     0x0002a253      0xad4 src/adc_hall.o
                              0x296d0 (size before relaxing)
 .debug_str     0x0002ad27       0xae src/ASF/common/services/fifo/fifo.o
                              0x23357 (size before relaxing)
 .debug_str     0x0002add5       0xe2 src/ASF/xmega/boards/init.o
                              0x24304 (size before relaxing)
 .debug_str     0x0002aeb7      0x1aa src/ASF/xmega/drivers/adc/adc.o
                              0x2525b (size before relaxing)
 .debug_str     0x0002b061      0x486 src/ASF/xmega/drivers/adc/xmega_aau/adc_aau.o
                              0x2549c (size before relaxing)
 .debug_str     0x0002b4e7      0x52a src/ASF/xmega/drivers/tc/tc.o
                              0x251c4 (size before relaxing)
 .debug_str     0x0002ba11      0x2cf src/ASF/xmega/drivers/twi/twim.o
                              0x2393c (size before relaxing)
 .debug_str     0x0002bce0      0x4e2 src/ASF/xmega/drivers/wdt/wdt.o
                              0x237c6 (size before relaxing)
 .debug_str     0x0002c1c2      0x54d src/protocol.o
                              0x291cb (size before relaxing)
 .debug_str     0x0002c70f       0xac src/HID_COM.o
                              0x2889c (size before relaxing)
 .debug_str     0x0002c7bb      0x183 src/INA219_driver.o
                              0x29719 (size before relaxing)
 .debug_str     0x0002c93e      0x2de src/ASF/common/services/clock/xmega/sysclk.o
                              0x24d2c (size before relaxing)
 .debug_str     0x0002cc1c       0x41 src/ASF/common/services/ioport/xmega/ioport_compat.o
                              0x23904 (size before relaxing)
 .debug_str     0x0002cc5d       0x35 src/ASF/common/services/sleepmgr/xmega/sleepmgr.o
                              0x23747 (size before relaxing)
 .debug_str     0x0002cc92      0x3c4 src/ASF/common/services/usb/class/hid/device/generic/udi_hid_generic.o
                              0x28c61 (size before relaxing)
 .debug_str     0x0002d056      0x51d src/ASF/common/services/usb/class/hid/device/generic/udi_hid_generic_desc.o
                              0x28d47 (size before relaxing)
 .debug_str     0x0002d573      0x220 src/ASF/common/services/usb/class/hid/device/udi_hid.o
                              0x28bd8 (size before relaxing)
 .debug_str     0x0002d793      0x6ab src/ASF/common/services/usb/udc/udc.o
                              0x293ae (size before relaxing)
 .debug_str     0x0002de3e      0x477 src/ASF/xmega/drivers/nvm/nvm.o
                              0x23e71 (size before relaxing)
 .debug_str     0x0002e2b5     0x3533 src/ASF/xmega/drivers/usb/usb_device.o
                              0x2c6f8 (size before relaxing)
 .debug_str     0x000317e8      0x2a3 src/main.o
                              0x297ce (size before relaxing)

.debug_loc      0x00000000     0x7c08
 *(.debug_loc)
 .debug_loc     0x00000000      0x504 src/ASF/xmega/drivers/dma/dma.o
 .debug_loc     0x00000504      0xfcf src/ASF/xmega/drivers/usart/usart.o
 .debug_loc     0x000014d3      0x51d src/rs485.o
 .debug_loc     0x000019f0      0x1f7 src/adc_hall.o
 .debug_loc     0x00001be7       0x53 src/ASF/common/services/fifo/fifo.o
 .debug_loc     0x00001c3a      0x196 src/ASF/xmega/drivers/adc/adc.o
 .debug_loc     0x00001dd0      0x9ac src/ASF/xmega/drivers/adc/xmega_aau/adc_aau.o
 .debug_loc     0x0000277c     0x16a8 src/ASF/xmega/drivers/tc/tc.o
 .debug_loc     0x00003e24      0x470 src/ASF/xmega/drivers/twi/twim.o
 .debug_loc     0x00004294      0x152 src/ASF/xmega/drivers/wdt/wdt.o
 .debug_loc     0x000043e6      0x435 src/protocol.o
 .debug_loc     0x0000481b       0x26 src/HID_COM.o
 .debug_loc     0x00004841      0x36d src/INA219_driver.o
 .debug_loc     0x00004bae      0x31e src/ASF/common/services/clock/xmega/sysclk.o
 .debug_loc     0x00004ecc       0x66 src/ASF/common/services/ioport/xmega/ioport_compat.o
 .debug_loc     0x00004f32      0x15e src/ASF/common/services/usb/class/hid/device/generic/udi_hid_generic.o
 .debug_loc     0x00005090      0x318 src/ASF/common/services/usb/class/hid/device/udi_hid.o
 .debug_loc     0x000053a8      0x511 src/ASF/common/services/usb/udc/udc.o
 .debug_loc     0x000058b9     0x113c src/ASF/xmega/drivers/nvm/nvm.o
 .debug_loc     0x000069f5      0xfa3 src/ASF/xmega/drivers/usb/usb_device.o
 .debug_loc     0x00007998      0x270 src/main.o

.debug_macinfo
 *(.debug_macinfo)

.debug_weaknames
 *(.debug_weaknames)

.debug_funcnames
 *(.debug_funcnames)

.debug_typenames
 *(.debug_typenames)

.debug_varnames
 *(.debug_varnames)

.debug_pubtypes
 *(.debug_pubtypes)

.debug_ranges   0x00000000      0x858
 *(.debug_ranges)
 .debug_ranges  0x00000000       0x58 src/ASF/xmega/drivers/dma/dma.o
 .debug_ranges  0x00000058       0x80 src/ASF/xmega/drivers/usart/usart.o
 .debug_ranges  0x000000d8       0x40 src/rs485.o
 .debug_ranges  0x00000118       0x48 src/adc_hall.o
 .debug_ranges  0x00000160       0x10 src/ASF/common/services/fifo/fifo.o
 .debug_ranges  0x00000170       0x10 src/ASF/xmega/boards/init.o
 .debug_ranges  0x00000180       0x38 src/ASF/xmega/drivers/adc/adc.o
 .debug_ranges  0x000001b8       0x48 src/ASF/xmega/drivers/adc/xmega_aau/adc_aau.o
 .debug_ranges  0x00000200      0x118 src/ASF/xmega/drivers/tc/tc.o
 .debug_ranges  0x00000318       0x60 src/ASF/xmega/drivers/twi/twim.o
 .debug_ranges  0x00000378       0x40 src/ASF/xmega/drivers/wdt/wdt.o
 .debug_ranges  0x000003b8       0x68 src/protocol.o
 .debug_ranges  0x00000420       0x40 src/HID_COM.o
 .debug_ranges  0x00000460       0x48 src/INA219_driver.o
 .debug_ranges  0x000004a8       0x30 src/ASF/common/services/clock/xmega/sysclk.o
 .debug_ranges  0x000004d8       0x10 src/ASF/common/services/ioport/xmega/ioport_compat.o
 .debug_ranges  0x000004e8       0x58 src/ASF/common/services/usb/class/hid/device/generic/udi_hid_generic.o
 .debug_ranges  0x00000540       0x10 src/ASF/common/services/usb/class/hid/device/udi_hid.o
 .debug_ranges  0x00000550       0x60 src/ASF/common/services/usb/udc/udc.o
 .debug_ranges  0x000005b0       0xc8 src/ASF/xmega/drivers/nvm/nvm.o
 .debug_ranges  0x00000678       0x20 src/ASF/xmega/drivers/nvm/nvm_asm.o
 .debug_ranges  0x00000698      0x128 src/ASF/xmega/drivers/usb/usb_device.o
 .debug_ranges  0x000007c0       0x98 src/main.o

.debug_macro    0x00000000     0x6318
 *(.debug_macro)
 .debug_macro   0x00000000      0x26b src/ASF/xmega/drivers/dma/dma.o
 .debug_macro   0x0000026b      0x293 src/ASF/xmega/drivers/dma/dma.o
 .debug_macro   0x000004fe      0x166 src/ASF/xmega/drivers/dma/dma.o
 .debug_macro   0x00000664       0x10 src/ASF/xmega/drivers/dma/dma.o
 .debug_macro   0x00000674       0x5e src/ASF/xmega/drivers/dma/dma.o
 .debug_macro   0x000006d2       0x2e src/ASF/xmega/drivers/dma/dma.o
 .debug_macro   0x00000700      0x237 src/ASF/xmega/drivers/dma/dma.o
 .debug_macro   0x00000937       0x66 src/ASF/xmega/drivers/dma/dma.o
 .debug_macro   0x0000099d       0x2f src/ASF/xmega/drivers/dma/dma.o
 .debug_macro   0x000009cc      0x154 src/ASF/xmega/drivers/dma/dma.o
 .debug_macro   0x00000b20       0x10 src/ASF/xmega/drivers/dma/dma.o
 .debug_macro   0x00000b30      0x217 src/ASF/xmega/drivers/usart/usart.o
 .debug_macro   0x00000d47       0x34 src/ASF/xmega/drivers/usart/usart.o
 .debug_macro   0x00000d7b       0x7c src/ASF/xmega/drivers/usart/usart.o
 .debug_macro   0x00000df7      0x109 src/ASF/xmega/drivers/usart/usart.o
 .debug_macro   0x00000f00      0x424 src/rs485.o
 .debug_macro   0x00001324       0x10 src/rs485.o
 .debug_macro   0x00001334       0x20 src/rs485.o
 .debug_macro   0x00001354       0xc7 src/rs485.o
 .debug_macro   0x0000141b       0x34 src/rs485.o
 .debug_macro   0x0000144f       0x28 src/rs485.o
 .debug_macro   0x00001477       0x22 src/rs485.o
 .debug_macro   0x00001499       0x40 src/rs485.o
 .debug_macro   0x000014d9       0x12 src/rs485.o
 .debug_macro   0x000014eb       0x16 src/rs485.o
 .debug_macro   0x00001501       0x22 src/rs485.o
 .debug_macro   0x00001523       0x10 src/rs485.o
 .debug_macro   0x00001533       0x3a src/rs485.o
 .debug_macro   0x0000156d       0x82 src/rs485.o
 .debug_macro   0x000015ef       0x28 src/rs485.o
 .debug_macro   0x00001617       0x46 src/rs485.o
 .debug_macro   0x0000165d      0x241 src/rs485.o
 .debug_macro   0x0000189e      0x17e src/rs485.o
 .debug_macro   0x00001a1c      0x44f src/rs485.o
 .debug_macro   0x00001e6b       0x16 src/rs485.o
 .debug_macro   0x00001e81       0x10 src/rs485.o
 .debug_macro   0x00001e91       0x22 src/rs485.o
 .debug_macro   0x00001eb3       0x11 src/rs485.o
 .debug_macro   0x00001ec4      0x40c src/adc_hall.o
 .debug_macro   0x000022d0      0x177 src/ASF/common/services/fifo/fifo.o
 .debug_macro   0x00002447      0x1b4 src/ASF/xmega/boards/init.o
 .debug_macro   0x000025fb      0x231 src/ASF/xmega/boards/init.o
 .debug_macro   0x0000282c      0x225 src/ASF/xmega/drivers/adc/adc.o
 .debug_macro   0x00002a51      0x225 src/ASF/xmega/drivers/adc/xmega_aau/adc_aau.o
 .debug_macro   0x00002c76      0x21b src/ASF/xmega/drivers/tc/tc.o
 .debug_macro   0x00002e91      0x198 src/ASF/xmega/drivers/twi/twim.o
 .debug_macro   0x00003029      0x180 src/ASF/xmega/drivers/wdt/wdt.o
 .debug_macro   0x000031a9      0x47a src/protocol.o
 .debug_macro   0x00003623       0x1c src/protocol.o
 .debug_macro   0x0000363f       0x52 src/protocol.o
 .debug_macro   0x00003691      0x3f6 src/HID_COM.o
 .debug_macro   0x00003a87      0x41e src/INA219_driver.o
 .debug_macro   0x00003ea5       0x4c src/INA219_driver.o
 .debug_macro   0x00003ef1       0x22 src/INA219_driver.o
 .debug_macro   0x00003f13      0x1d1 src/ASF/common/services/clock/xmega/sysclk.o
 .debug_macro   0x000040e4       0x26 src/ASF/common/services/clock/xmega/sysclk.o
 .debug_macro   0x0000410a      0x193 src/ASF/common/services/ioport/xmega/ioport_compat.o
 .debug_macro   0x0000429d      0x1a3 src/ASF/common/services/sleepmgr/xmega/sleepmgr.o
 .debug_macro   0x00004440      0x3fc src/ASF/common/services/usb/class/hid/device/generic/udi_hid_generic.o
 .debug_macro   0x0000483c       0x7c src/ASF/common/services/usb/class/hid/device/generic/udi_hid_generic.o
 .debug_macro   0x000048b8      0x402 src/ASF/common/services/usb/class/hid/device/generic/udi_hid_generic_desc.o
 .debug_macro   0x00004cba      0x400 src/ASF/common/services/usb/class/hid/device/udi_hid.o
 .debug_macro   0x000050ba      0x413 src/ASF/common/services/usb/udc/udc.o
 .debug_macro   0x000054cd      0x198 src/ASF/xmega/drivers/nvm/nvm.o
 .debug_macro   0x00005665      0x420 src/ASF/xmega/drivers/usb/usb_device.o
 .debug_macro   0x00005a85      0x46d src/ASF/xmega/drivers/usb/usb_device.o
 .debug_macro   0x00005ef2      0x426 src/main.o
OUTPUT(PowerMeter.elf elf32-avr)
LOAD linker stubs

.BOOT           0x00008000        0x0
